// Jest Snapshot v1, https://goo.gl/fbAQLP

exports[`matches the snapshot 1`] = `
<DocumentFragment>
  <div
    class="MuiBox-root MuiBox-root-84 makeStyles-explore-82"
  >
    <div
      class="MuiBox-root MuiBox-root-85"
    >
      <img
        alt="Closing Message"
        height="auto"
        src="closingstickies.png"
        width="60%"
      />
    </div>
    <div
      class="MuiBox-root MuiBox-root-86"
    >
      <div
        class="MuiBox-root MuiBox-root-87"
      >
        <h5
          class="MuiTypography-root MuiTypography-h5 MuiTypography-alignLeft"
          data-testid="exploreMsg"
        >
          Snapshottin it up
        </h5>
        <div
          class="MuiBox-root MuiBox-root-118"
        >
          <button
            bg="#dff1ff"
            class="MuiButtonBase-root MuiButton-root MuiButton-contained OplButton-root-119 OplButton-root-120 MuiButton-disableElevation"
            data-testid="exploreLibraryButton"
            tabindex="0"
            type="button"
          >
            <span
              class="MuiButton-label"
            >
              Explore the library
            </span>
            <span
              class="MuiTouchRipple-root"
            />
          </button>
        </div>
      </div>
    </div>
  </div>
</DocumentFragment>
`;
